Result: 50
segfault main!
segfault main!
segfault main!
segfault main!
