Result: 15
segfault switch_const!
segfault switch_const!
segfault switch_const!
segfault switch_const!
segfault switch_const!
segfault switch_const!
segfault switch_const!
segfault switch_const!
segfault switch_const!
segfault switch_const!
